Reading netlist file: "D:\DOWNLOAS\DDC_TangNano20K\DDC_TangNano9K\impl\gwsynthesis\Transceiver.vg"
Parsing netlist file "D:\DOWNLOAS\DDC_TangNano20K\DDC_TangNano9K\impl\gwsynthesis\Transceiver.vg" completed
Processing netlist completed
Reading constraint file: "D:\DOWNLOAS\DDC_TangNano20K\DDC_TangNano9K\src\Transceiver.cst"
Physical Constraint parsed completed
Running placement......
[10%] Placement Phase 0 completed
[20%] Placement Phase 1 completed
[30%] Placement Phase 2 completed
[50%] Placement Phase 3 completed
Running routing......
[60%] Routing Phase 0 completed
[70%] Routing Phase 1 completed
[80%] Routing Phase 2 completed
WARN  (PR1014) : Generic routing resource will be used to clock signal 'SPI_SCK_d' by the specified constraint. And then it may lead to the excessive delay or skew
[90%] Routing Phase 3 completed
Running timing analysis......
[95%] Timing analysis completed
Placement and routing completed
Bitstream generation in progress......
Bitstream generation completed
Running power analysis......
[100%] Power analysis completed
Generate file "D:\DOWNLOAS\DDC_TangNano20K\DDC_TangNano9K\impl\pnr\Transceiver.power.html" completed
Generate file "D:\DOWNLOAS\DDC_TangNano20K\DDC_TangNano9K\impl\pnr\Transceiver.pin.html" completed
Generate file "D:\DOWNLOAS\DDC_TangNano20K\DDC_TangNano9K\impl\pnr\Transceiver.rpt.html" completed
Generate file "D:\DOWNLOAS\DDC_TangNano20K\DDC_TangNano9K\impl\pnr\Transceiver.rpt.txt" completed
Generate file "D:\DOWNLOAS\DDC_TangNano20K\DDC_TangNano9K\impl\pnr\Transceiver.tr.html" completed
Wed Aug 19 04:56:22 2026

