Reading netlist file: "/home/tvl/Arduino/esp32-s3-sdr/fpga_projects/gowin_project/impl/gwsynthesis/Transceiver.vg"
Parsing netlist file "/home/tvl/Arduino/esp32-s3-sdr/fpga_projects/gowin_project/impl/gwsynthesis/Transceiver.vg" completed
Processing netlist completed
Reading constraint file: "/home/tvl/Arduino/esp32-s3-sdr/fpga_projects/gowin_project/src/Transceiver.cst"
Physical Constraint parsed completed
Running placement......
[10%] Placement Phase 0 completed
[20%] Placement Phase 1 completed
[30%] Placement Phase 2 completed
WARN  (TA1117) : Can't calculate clocks' relationship between: "clk61" and "_spi_done"
WARN  (TA1117) : Can't calculate clocks' relationship between: "_spi_done" and "pll/rpll_inst/CLKOUT.default_gen_clk"
WARN  (TA1117) : Can't calculate clocks' relationship between: "clk61" and "test_d"
WARN  (TA1117) : Can't calculate clocks' relationship between: "n50_4" and "clk61"
WARN  (TA1117) : Can't calculate clocks' relationship between: "_spi_done" and "clk61"
WARN  (TA1117) : Can't calculate clocks' relationship between: "spi_sck" and "clk61"
WARN  (TA1117) : Can't calculate clocks' relationship between: "tx/req1" and "clk96"
WARN  (TA1117) : Can't calculate clocks' relationship between: "_spi_done" and "clk96"
[50%] Placement Phase 3 completed
Running routing......
[60%] Routing Phase 0 completed
[70%] Routing Phase 1 completed
[80%] Routing Phase 2 completed
WARN  (PR1014) : Generic routing resource will be used to clock signal 'clk96_d' by the specified constraint. And then it may lead to the excessive delay or skew
[90%] Routing Phase 3 completed
Running timing analysis......
[95%] Timing analysis completed
Placement and routing completed
Bitstream generation in progress......
Bitstream generation completed
Running power analysis......
[100%] Power analysis completed
Generate file "/home/tvl/Arduino/esp32-s3-sdr/fpga_projects/gowin_project/impl/pnr/Transceiver.power.html" completed
Generate file "/home/tvl/Arduino/esp32-s3-sdr/fpga_projects/gowin_project/impl/pnr/Transceiver.pin.html" completed
Generate file "/home/tvl/Arduino/esp32-s3-sdr/fpga_projects/gowin_project/impl/pnr/Transceiver.rpt.html" completed
Generate file "/home/tvl/Arduino/esp32-s3-sdr/fpga_projects/gowin_project/impl/pnr/Transceiver.rpt.txt" completed
Generate file "/home/tvl/Arduino/esp32-s3-sdr/fpga_projects/gowin_project/impl/pnr/Transceiver.tr.html" completed
Sun Mar  2 16:07:39 2025

