Flow report for Radio
Sat Jan  4 22:33:11 2025
Quartus Prime Version 17.1.0 Build 590 10/25/2017 SJ Lite Edition


---------------------
; Table of Contents ;
---------------------
  1. Legal Notice
  2. Flow Summary
  3. Flow Settings
  4. Flow Non-Default Global Settings
  5. Flow Elapsed Time
  6. Flow OS Summary
  7. Flow Log
  8. Flow Messages
  9. Flow Suppressed Messages



----------------
; Legal Notice ;
----------------
Copyright (C) 2017  Intel Corporation. All rights reserved.
Your use of Intel Corporation's design tools, logic functions 
and other software and tools, and its AMPP partner logic 
functions, and any output files from any of the foregoing 
(including device programming or simulation files), and any 
associated documentation or information are expressly subject 
to the terms and conditions of the Intel Program License 
Subscription Agreement, the Intel Quartus Prime License Agreement,
the Intel FPGA IP License Agreement, or other applicable license
agreement, including, without limitation, that your use is for
the sole purpose of programming logic devices manufactured by
Intel and sold by Intel or its authorized distributors.  Please
refer to the applicable agreement for further details.



+----------------------------------------------------------------------------------+
; Flow Summary                                                                     ;
+------------------------------------+---------------------------------------------+
; Flow Status                        ; Successful - Sat Jan  4 22:33:04 2025       ;
; Quartus Prime Version              ; 17.1.0 Build 590 10/25/2017 SJ Lite Edition ;
; Revision Name                      ; Radio                                       ;
; Top-level Entity Name              ; radio                                       ;
; Family                             ; Cyclone IV E                                ;
; Device                             ; EP4CE15F23C8                                ;
; Timing Models                      ; Final                                       ;
; Total logic elements               ; 7,995 / 15,408 ( 52 % )                     ;
;     Total combinational functions  ; 6,485 / 15,408 ( 42 % )                     ;
;     Dedicated logic registers      ; 5,870 / 15,408 ( 38 % )                     ;
; Total registers                    ; 5870                                        ;
; Total pins                         ; 63 / 344 ( 18 % )                           ;
; Total virtual pins                 ; 0                                           ;
; Total memory bits                  ; 165,916 / 516,096 ( 32 % )                  ;
; Embedded Multiplier 9-bit elements ; 18 / 112 ( 16 % )                           ;
; Total PLLs                         ; 1 / 4 ( 25 % )                              ;
+------------------------------------+---------------------------------------------+


+-----------------------------------------+
; Flow Settings                           ;
+-------------------+---------------------+
; Option            ; Setting             ;
+-------------------+---------------------+
; Start date & time ; 01/04/2025 22:31:18 ;
; Main task         ; Compilation         ;
; Revision Name     ; Radio               ;
+-------------------+---------------------+


+-----------------------------------------------------------------------------------------------------------------------------+
; Flow Non-Default Global Settings                                                                                            ;
+-------------------------------------+----------------------------------------+---------------+-------------+----------------+
; Assignment Name                     ; Value                                  ; Default Value ; Entity Name ; Section Id     ;
+-------------------------------------+----------------------------------------+---------------+-------------+----------------+
; COMPILER_SIGNATURE_ID               ; 264510341667438.173600467849255        ; --            ; --          ; --             ;
; CYCLONEII_OPTIMIZATION_TECHNIQUE    ; Speed                                  ; Balanced      ; --          ; --             ;
; FITTER_EFFORT                       ; Standard Fit                           ; Auto Fit      ; --          ; --             ;
; MAX_CORE_JUNCTION_TEMP              ; 85                                     ; --            ; --          ; --             ;
; MIN_CORE_JUNCTION_TEMP              ; 0                                      ; --            ; --          ; --             ;
; MISC_FILE                           ; pll_rx.cmp                             ; --            ; --          ; --             ;
; MISC_FILE                           ; pll_rx.ppf                             ; --            ; --          ; --             ;
; MISC_FILE                           ; PLL10_bb.v                             ; --            ; --          ; --             ;
; MISC_FILE                           ; PLL10.ppf                              ; --            ; --          ; --             ;
; MISC_FILE                           ; fifo_inst.v                            ; --            ; --          ; --             ;
; MISC_FILE                           ; fifo_bb.v                              ; --            ; --          ; --             ;
; OUTPUT_IO_TIMING_FAR_END_VMEAS      ; Half Signal Swing                      ; --            ; --          ; --             ;
; OUTPUT_IO_TIMING_FAR_END_VMEAS      ; Half Signal Swing                      ; --            ; --          ; --             ;
; OUTPUT_IO_TIMING_NEAR_END_VMEAS     ; Half Vccio                             ; --            ; --          ; --             ;
; OUTPUT_IO_TIMING_NEAR_END_VMEAS     ; Half Vccio                             ; --            ; --          ; --             ;
; PARTITION_COLOR                     ; -- (Not supported for targeted family) ; --            ; radio       ; Top            ;
; PARTITION_FITTER_PRESERVATION_LEVEL ; -- (Not supported for targeted family) ; --            ; radio       ; Top            ;
; PARTITION_NETLIST_TYPE              ; -- (Not supported for targeted family) ; --            ; radio       ; Top            ;
; POWER_BOARD_THERMAL_MODEL           ; None (CONSERVATIVE)                    ; --            ; --          ; --             ;
; POWER_PRESET_COOLING_SOLUTION       ; 23 MM HEAT SINK WITH 200 LFPM AIRFLOW  ; --            ; --          ; --             ;
; PROJECT_OUTPUT_DIRECTORY            ; output_files                           ; --            ; --          ; --             ;
; USE_GENERATED_PHYSICAL_CONSTRAINTS  ; Off                                    ; --            ; --          ; eda_blast_fpga ;
+-------------------------------------+----------------------------------------+---------------+-------------+----------------+


+-------------------------------------------------------------------------------------------------------------------------------+
; Flow Elapsed Time                                                                                                             ;
+---------------------------+--------------+-------------------------+---------------------+------------------------------------+
; Module Name               ; Elapsed Time ; Average Processors Used ; Peak Virtual Memory ; Total CPU Time (on all processors) ;
+---------------------------+--------------+-------------------------+---------------------+------------------------------------+
; Analysis & Synthesis      ; 00:00:47     ; 1.0                     ; 1154 MB             ; 00:00:33                           ;
; Fitter                    ; 00:01:13     ; 1.0                     ; 1368 MB             ; 00:01:47                           ;
; Assembler                 ; 00:00:02     ; 1.0                     ; 823 MB              ; 00:00:02                           ;
; TimeQuest Timing Analyzer ; 00:00:06     ; 1.2                     ; 870 MB              ; 00:00:07                           ;
; Total                     ; 00:02:08     ; --                      ; --                  ; 00:02:29                           ;
+---------------------------+--------------+-------------------------+---------------------+------------------------------------+


+--------------------------------------------------------------------------------------------------------------------------+
; Flow OS Summary                                                                                                          ;
+---------------------------+-------------------------+-------------------------+-------------------------+----------------+
; Module Name               ; Machine Hostname        ; OS Name                 ; OS Version              ; Processor type ;
+---------------------------+-------------------------+-------------------------+-------------------------+----------------+
; Analysis & Synthesis      ; comp-pentium-cpu-f45a6e ; comp-pentium-cpu-f45a6e ; comp-pentium-cpu-f45a6e ; x86_64         ;
; Fitter                    ; comp-pentium-cpu-f45a6e ; comp-pentium-cpu-f45a6e ; comp-pentium-cpu-f45a6e ; x86_64         ;
; Assembler                 ; comp-pentium-cpu-f45a6e ; comp-pentium-cpu-f45a6e ; comp-pentium-cpu-f45a6e ; x86_64         ;
; TimeQuest Timing Analyzer ; comp-pentium-cpu-f45a6e ; comp-pentium-cpu-f45a6e ; comp-pentium-cpu-f45a6e ; x86_64         ;
+---------------------------+-------------------------+-------------------------+-------------------------+----------------+


------------
; Flow Log ;
------------
quartus_map --read_settings_files=on --write_settings_files=off radio -c Radio
quartus_fit --read_settings_files=off --write_settings_files=off radio -c Radio
quartus_asm --read_settings_files=off --write_settings_files=off radio -c Radio
quartus_sta radio -c Radio



